Starting of logs
